Archive member included to satisfy reference by file (symbol)

d:/softwares/atmel studio/7.0/toolchain/avr8/avr8-gnu-toolchain/bin/../lib/gcc/avr/4.9.2/../../../../avr/lib/avr6\libm.a(addsf3.o)
                              main.o (__addsf3)
d:/softwares/atmel studio/7.0/toolchain/avr8/avr8-gnu-toolchain/bin/../lib/gcc/avr/4.9.2/../../../../avr/lib/avr6\libm.a(addsf3x.o)
                              d:/softwares/atmel studio/7.0/toolchain/avr8/avr8-gnu-toolchain/bin/../lib/gcc/avr/4.9.2/../../../../avr/lib/avr6\libm.a(addsf3.o) (__addsf3x)
d:/softwares/atmel studio/7.0/toolchain/avr8/avr8-gnu-toolchain/bin/../lib/gcc/avr/4.9.2/../../../../avr/lib/avr6\libm.a(divsf3.o)
                              main.o (__divsf3)
d:/softwares/atmel studio/7.0/toolchain/avr8/avr8-gnu-toolchain/bin/../lib/gcc/avr/4.9.2/../../../../avr/lib/avr6\libm.a(divsf3x.o)
                              d:/softwares/atmel studio/7.0/toolchain/avr8/avr8-gnu-toolchain/bin/../lib/gcc/avr/4.9.2/../../../../avr/lib/avr6\libm.a(divsf3.o) (__divsf3x)
d:/softwares/atmel studio/7.0/toolchain/avr8/avr8-gnu-toolchain/bin/../lib/gcc/avr/4.9.2/../../../../avr/lib/avr6\libm.a(fixsfsi.o)
                              main.o (__fixsfsi)
d:/softwares/atmel studio/7.0/toolchain/avr8/avr8-gnu-toolchain/bin/../lib/gcc/avr/4.9.2/../../../../avr/lib/avr6\libm.a(fixunssfsi.o)
                              main.o (__fixunssfsi)
d:/softwares/atmel studio/7.0/toolchain/avr8/avr8-gnu-toolchain/bin/../lib/gcc/avr/4.9.2/../../../../avr/lib/avr6\libm.a(floatsisf.o)
                              main.o (__floatunsisf)
d:/softwares/atmel studio/7.0/toolchain/avr8/avr8-gnu-toolchain/bin/../lib/gcc/avr/4.9.2/../../../../avr/lib/avr6\libm.a(fp_inf.o)
                              d:/softwares/atmel studio/7.0/toolchain/avr8/avr8-gnu-toolchain/bin/../lib/gcc/avr/4.9.2/../../../../avr/lib/avr6\libm.a(addsf3x.o) (__fp_inf)
d:/softwares/atmel studio/7.0/toolchain/avr8/avr8-gnu-toolchain/bin/../lib/gcc/avr/4.9.2/../../../../avr/lib/avr6\libm.a(fp_nan.o)
                              d:/softwares/atmel studio/7.0/toolchain/avr8/avr8-gnu-toolchain/bin/../lib/gcc/avr/4.9.2/../../../../avr/lib/avr6\libm.a(addsf3x.o) (__fp_nan)
d:/softwares/atmel studio/7.0/toolchain/avr8/avr8-gnu-toolchain/bin/../lib/gcc/avr/4.9.2/../../../../avr/lib/avr6\libm.a(fp_pscA.o)
                              d:/softwares/atmel studio/7.0/toolchain/avr8/avr8-gnu-toolchain/bin/../lib/gcc/avr/4.9.2/../../../../avr/lib/avr6\libm.a(addsf3x.o) (__fp_pscA)
d:/softwares/atmel studio/7.0/toolchain/avr8/avr8-gnu-toolchain/bin/../lib/gcc/avr/4.9.2/../../../../avr/lib/avr6\libm.a(fp_pscB.o)
                              d:/softwares/atmel studio/7.0/toolchain/avr8/avr8-gnu-toolchain/bin/../lib/gcc/avr/4.9.2/../../../../avr/lib/avr6\libm.a(addsf3x.o) (__fp_pscB)
d:/softwares/atmel studio/7.0/toolchain/avr8/avr8-gnu-toolchain/bin/../lib/gcc/avr/4.9.2/../../../../avr/lib/avr6\libm.a(fp_round.o)
                              d:/softwares/atmel studio/7.0/toolchain/avr8/avr8-gnu-toolchain/bin/../lib/gcc/avr/4.9.2/../../../../avr/lib/avr6\libm.a(addsf3.o) (__fp_round)
d:/softwares/atmel studio/7.0/toolchain/avr8/avr8-gnu-toolchain/bin/../lib/gcc/avr/4.9.2/../../../../avr/lib/avr6\libm.a(fp_split3.o)
                              d:/softwares/atmel studio/7.0/toolchain/avr8/avr8-gnu-toolchain/bin/../lib/gcc/avr/4.9.2/../../../../avr/lib/avr6\libm.a(addsf3x.o) (__fp_split3)
d:/softwares/atmel studio/7.0/toolchain/avr8/avr8-gnu-toolchain/bin/../lib/gcc/avr/4.9.2/../../../../avr/lib/avr6\libm.a(fp_zero.o)
                              d:/softwares/atmel studio/7.0/toolchain/avr8/avr8-gnu-toolchain/bin/../lib/gcc/avr/4.9.2/../../../../avr/lib/avr6\libm.a(addsf3x.o) (__fp_zero)
d:/softwares/atmel studio/7.0/toolchain/avr8/avr8-gnu-toolchain/bin/../lib/gcc/avr/4.9.2/../../../../avr/lib/avr6\libm.a(gesf2.o)
                              main.o (__gtsf2)
d:/softwares/atmel studio/7.0/toolchain/avr8/avr8-gnu-toolchain/bin/../lib/gcc/avr/4.9.2/../../../../avr/lib/avr6\libm.a(mulsf3.o)
                              main.o (__mulsf3)
d:/softwares/atmel studio/7.0/toolchain/avr8/avr8-gnu-toolchain/bin/../lib/gcc/avr/4.9.2/../../../../avr/lib/avr6\libm.a(mulsf3x.o)
                              d:/softwares/atmel studio/7.0/toolchain/avr8/avr8-gnu-toolchain/bin/../lib/gcc/avr/4.9.2/../../../../avr/lib/avr6\libm.a(mulsf3.o) (__mulsf3x)
d:/softwares/atmel studio/7.0/toolchain/avr8/avr8-gnu-toolchain/bin/../lib/gcc/avr/4.9.2/../../../../avr/lib/avr6\libm.a(pow.o)
                              main.o (pow)
d:/softwares/atmel studio/7.0/toolchain/avr8/avr8-gnu-toolchain/bin/../lib/gcc/avr/4.9.2/../../../../avr/lib/avr6\libm.a(exp.o)
                              d:/softwares/atmel studio/7.0/toolchain/avr8/avr8-gnu-toolchain/bin/../lib/gcc/avr/4.9.2/../../../../avr/lib/avr6\libm.a(pow.o) (exp)
d:/softwares/atmel studio/7.0/toolchain/avr8/avr8-gnu-toolchain/bin/../lib/gcc/avr/4.9.2/../../../../avr/lib/avr6\libm.a(fp_cmp.o)
                              d:/softwares/atmel studio/7.0/toolchain/avr8/avr8-gnu-toolchain/bin/../lib/gcc/avr/4.9.2/../../../../avr/lib/avr6\libm.a(gesf2.o) (__fp_cmp)
d:/softwares/atmel studio/7.0/toolchain/avr8/avr8-gnu-toolchain/bin/../lib/gcc/avr/4.9.2/../../../../avr/lib/avr6\libm.a(fp_powser.o)
                              d:/softwares/atmel studio/7.0/toolchain/avr8/avr8-gnu-toolchain/bin/../lib/gcc/avr/4.9.2/../../../../avr/lib/avr6\libm.a(exp.o) (__fp_powser)
d:/softwares/atmel studio/7.0/toolchain/avr8/avr8-gnu-toolchain/bin/../lib/gcc/avr/4.9.2/../../../../avr/lib/avr6\libm.a(inverse.o)
                              d:/softwares/atmel studio/7.0/toolchain/avr8/avr8-gnu-toolchain/bin/../lib/gcc/avr/4.9.2/../../../../avr/lib/avr6\libm.a(exp.o) (inverse)
d:/softwares/atmel studio/7.0/toolchain/avr8/avr8-gnu-toolchain/bin/../lib/gcc/avr/4.9.2/../../../../avr/lib/avr6\libm.a(ldexp.o)
                              d:/softwares/atmel studio/7.0/toolchain/avr8/avr8-gnu-toolchain/bin/../lib/gcc/avr/4.9.2/../../../../avr/lib/avr6\libm.a(exp.o) (ldexp)
d:/softwares/atmel studio/7.0/toolchain/avr8/avr8-gnu-toolchain/bin/../lib/gcc/avr/4.9.2/../../../../avr/lib/avr6\libm.a(log.o)
                              d:/softwares/atmel studio/7.0/toolchain/avr8/avr8-gnu-toolchain/bin/../lib/gcc/avr/4.9.2/../../../../avr/lib/avr6\libm.a(pow.o) (log)
d:/softwares/atmel studio/7.0/toolchain/avr8/avr8-gnu-toolchain/bin/../lib/gcc/avr/4.9.2/../../../../avr/lib/avr6\libm.a(modf.o)
                              d:/softwares/atmel studio/7.0/toolchain/avr8/avr8-gnu-toolchain/bin/../lib/gcc/avr/4.9.2/../../../../avr/lib/avr6\libm.a(exp.o) (modf)
d:/softwares/atmel studio/7.0/toolchain/avr8/avr8-gnu-toolchain/bin/../lib/gcc/avr/4.9.2/../../../../avr/lib/avr6\libm.a(fp_mpack.o)
                              d:/softwares/atmel studio/7.0/toolchain/avr8/avr8-gnu-toolchain/bin/../lib/gcc/avr/4.9.2/../../../../avr/lib/avr6\libm.a(ldexp.o) (__fp_mpack)
d:/softwares/atmel studio/7.0/toolchain/avr8/avr8-gnu-toolchain/bin/../lib/gcc/avr/4.9.2/avr6\libgcc.a(_exit.o)
                              D:/Softwares/Atmel Studio/7.0/Packs/atmel/ATmega_DFP/1.1.130/gcc/dev/atmega2560/avr6/crtatmega2560.o (exit)
d:/softwares/atmel studio/7.0/toolchain/avr8/avr8-gnu-toolchain/bin/../lib/gcc/avr/4.9.2/avr6\libgcc.a(_tablejump2.o)
                              main.o (__tablejump2__)
d:/softwares/atmel studio/7.0/toolchain/avr8/avr8-gnu-toolchain/bin/../lib/gcc/avr/4.9.2/avr6\libgcc.a(_copy_data.o)
                              main.o (__do_copy_data)
d:/softwares/atmel studio/7.0/toolchain/avr8/avr8-gnu-toolchain/bin/../lib/gcc/avr/4.9.2/avr6\libgcc.a(_clear_bss.o)
                              main.o (__do_clear_bss)
d:/softwares/atmel studio/7.0/toolchain/avr8/avr8-gnu-toolchain/bin/../lib/gcc/avr/4.9.2/avr6\libgcc.a(_umulhisi3.o)
                              main.o (__umulhisi3)
d:/softwares/atmel studio/7.0/toolchain/avr8/avr8-gnu-toolchain/bin/../lib/gcc/avr/4.9.2/../../../../avr/lib/avr6\libc.a(iob.o)
                              main.o (__iob)
d:/softwares/atmel studio/7.0/toolchain/avr8/avr8-gnu-toolchain/bin/../lib/gcc/avr/4.9.2/../../../../avr/lib/avr6\libc.a(printf.o)
                              main.o (printf)
d:/softwares/atmel studio/7.0/toolchain/avr8/avr8-gnu-toolchain/bin/../lib/gcc/avr/4.9.2/../../../../avr/lib/avr6\libc.a(puts.o)
                              main.o (puts)
d:/softwares/atmel studio/7.0/toolchain/avr8/avr8-gnu-toolchain/bin/../lib/gcc/avr/4.9.2/../../../../avr/lib/avr6\libc.a(vfprintf_std.o)
                              d:/softwares/atmel studio/7.0/toolchain/avr8/avr8-gnu-toolchain/bin/../lib/gcc/avr/4.9.2/../../../../avr/lib/avr6\libc.a(printf.o) (vfprintf)
d:/softwares/atmel studio/7.0/toolchain/avr8/avr8-gnu-toolchain/bin/../lib/gcc/avr/4.9.2/../../../../avr/lib/avr6\libc.a(strnlen_P.o)
                              d:/softwares/atmel studio/7.0/toolchain/avr8/avr8-gnu-toolchain/bin/../lib/gcc/avr/4.9.2/../../../../avr/lib/avr6\libc.a(vfprintf_std.o) (strnlen_P)
d:/softwares/atmel studio/7.0/toolchain/avr8/avr8-gnu-toolchain/bin/../lib/gcc/avr/4.9.2/../../../../avr/lib/avr6\libc.a(strnlen.o)
                              d:/softwares/atmel studio/7.0/toolchain/avr8/avr8-gnu-toolchain/bin/../lib/gcc/avr/4.9.2/../../../../avr/lib/avr6\libc.a(vfprintf_std.o) (strnlen)
d:/softwares/atmel studio/7.0/toolchain/avr8/avr8-gnu-toolchain/bin/../lib/gcc/avr/4.9.2/../../../../avr/lib/avr6\libc.a(fputc.o)
                              d:/softwares/atmel studio/7.0/toolchain/avr8/avr8-gnu-toolchain/bin/../lib/gcc/avr/4.9.2/../../../../avr/lib/avr6\libc.a(vfprintf_std.o) (fputc)
d:/softwares/atmel studio/7.0/toolchain/avr8/avr8-gnu-toolchain/bin/../lib/gcc/avr/4.9.2/../../../../avr/lib/avr6\libc.a(ultoa_invert.o)
                              d:/softwares/atmel studio/7.0/toolchain/avr8/avr8-gnu-toolchain/bin/../lib/gcc/avr/4.9.2/../../../../avr/lib/avr6\libc.a(vfprintf_std.o) (__ultoa_invert)

Allocating common symbols
Common symbol       size              file

tasks               0x14              main.o
Degrees             0x2               main.o
tmpTask2            0x1               main.o
million             0x2               main.o
cost                0x60              main.o
node                0x180             main.o
temp                0x2               main.o
ADC_Value           0x1               main.o
BootInterrupt       0x1               main.o
tasks2              0x14              main.o
tens                0x2               main.o
angle               0x180             main.o
tmpTask1            0x1               main.o
hundred             0x2               main.o
unit                0x2               main.o
thousand            0x2               main.o
LastLocation        0x2               main.o
__iob               0x6               d:/softwares/atmel studio/7.0/toolchain/avr8/avr8-gnu-toolchain/bin/../lib/gcc/avr/4.9.2/../../../../avr/lib/avr6\libc.a(iob.o)

Discarded input sections

 .data          0x00000000        0x0 D:/Softwares/Atmel Studio/7.0/Packs/atmel/ATmega_DFP/1.1.130/gcc/dev/atmega2560/avr6/crtatmega2560.o
 .bss           0x00000000        0x0 D:/Softwares/Atmel Studio/7.0/Packs/atmel/ATmega_DFP/1.1.130/gcc/dev/atmega2560/avr6/crtatmega2560.o
 .text          0x00000000        0x0 main.o
 .data          0x00000000        0x0 main.o
 .bss           0x00000000        0x0 main.o
 .text.SendWhichTask
                0x00000000       0x22 main.o
 .text.SendRecvTask
                0x00000000       0x22 main.o
 .text.servo_1_free
                0x00000000        0xe main.o
 .text.print_sensor
                0x00000000       0x28 main.o
 .text.velocity
                0x00000000        0xa main.o
 .text.back     0x00000000        0x8 main.o
 .text.soft_left
                0x00000000        0x8 main.o
 .text.soft_right
                0x00000000        0x8 main.o
 .text.soft_left_2
                0x00000000        0x8 main.o
 .text.soft_right_2
                0x00000000        0x8 main.o
 .text.Sharp_GP2D12_estimation
                0x00000000       0x52 main.o
 .bss.flag      0x00000000        0x1 main.o
 .text          0x00000000        0x0 d:/softwares/atmel studio/7.0/toolchain/avr8/avr8-gnu-toolchain/bin/../lib/gcc/avr/4.9.2/../../../../avr/lib/avr6\libm.a(addsf3.o)
 .data          0x00000000        0x0 d:/softwares/atmel studio/7.0/toolchain/avr8/avr8-gnu-toolchain/bin/../lib/gcc/avr/4.9.2/../../../../avr/lib/avr6\libm.a(addsf3.o)
 .bss           0x00000000        0x0 d:/softwares/atmel studio/7.0/toolchain/avr8/avr8-gnu-toolchain/bin/../lib/gcc/avr/4.9.2/../../../../avr/lib/avr6\libm.a(addsf3.o)
 .text          0x00000000        0x0 d:/softwares/atmel studio/7.0/toolchain/avr8/avr8-gnu-toolchain/bin/../lib/gcc/avr/4.9.2/../../../../avr/lib/avr6\libm.a(addsf3x.o)
 .data          0x00000000        0x0 d:/softwares/atmel studio/7.0/toolchain/avr8/avr8-gnu-toolchain/bin/../lib/gcc/avr/4.9.2/../../../../avr/lib/avr6\libm.a(addsf3x.o)
 .bss           0x00000000        0x0 d:/softwares/atmel studio/7.0/toolchain/avr8/avr8-gnu-toolchain/bin/../lib/gcc/avr/4.9.2/../../../../avr/lib/avr6\libm.a(addsf3x.o)
 .text          0x00000000        0x0 d:/softwares/atmel studio/7.0/toolchain/avr8/avr8-gnu-toolchain/bin/../lib/gcc/avr/4.9.2/../../../../avr/lib/avr6\libm.a(divsf3.o)
 .data          0x00000000        0x0 d:/softwares/atmel studio/7.0/toolchain/avr8/avr8-gnu-toolchain/bin/../lib/gcc/avr/4.9.2/../../../../avr/lib/avr6\libm.a(divsf3.o)
 .bss           0x00000000        0x0 d:/softwares/atmel studio/7.0/toolchain/avr8/avr8-gnu-toolchain/bin/../lib/gcc/avr/4.9.2/../../../../avr/lib/avr6\libm.a(divsf3.o)
 .text          0x00000000        0x0 d:/softwares/atmel studio/7.0/toolchain/avr8/avr8-gnu-toolchain/bin/../lib/gcc/avr/4.9.2/../../../../avr/lib/avr6\libm.a(divsf3x.o)
 .data          0x00000000        0x0 d:/softwares/atmel studio/7.0/toolchain/avr8/avr8-gnu-toolchain/bin/../lib/gcc/avr/4.9.2/../../../../avr/lib/avr6\libm.a(divsf3x.o)
 .bss           0x00000000        0x0 d:/softwares/atmel studio/7.0/toolchain/avr8/avr8-gnu-toolchain/bin/../lib/gcc/avr/4.9.2/../../../../avr/lib/avr6\libm.a(divsf3x.o)
 .text          0x00000000        0x0 d:/softwares/atmel studio/7.0/toolchain/avr8/avr8-gnu-toolchain/bin/../lib/gcc/avr/4.9.2/../../../../avr/lib/avr6\libm.a(fixsfsi.o)
 .data          0x00000000        0x0 d:/softwares/atmel studio/7.0/toolchain/avr8/avr8-gnu-toolchain/bin/../lib/gcc/avr/4.9.2/../../../../avr/lib/avr6\libm.a(fixsfsi.o)
 .bss           0x00000000        0x0 d:/softwares/atmel studio/7.0/toolchain/avr8/avr8-gnu-toolchain/bin/../lib/gcc/avr/4.9.2/../../../../avr/lib/avr6\libm.a(fixsfsi.o)
 .text          0x00000000        0x0 d:/softwares/atmel studio/7.0/toolchain/avr8/avr8-gnu-toolchain/bin/../lib/gcc/avr/4.9.2/../../../../avr/lib/avr6\libm.a(fixunssfsi.o)
 .data          0x00000000        0x0 d:/softwares/atmel studio/7.0/toolchain/avr8/avr8-gnu-toolchain/bin/../lib/gcc/avr/4.9.2/../../../../avr/lib/avr6\libm.a(fixunssfsi.o)
 .bss           0x00000000        0x0 d:/softwares/atmel studio/7.0/toolchain/avr8/avr8-gnu-toolchain/bin/../lib/gcc/avr/4.9.2/../../../../avr/lib/avr6\libm.a(fixunssfsi.o)
 .text          0x00000000        0x0 d:/softwares/atmel studio/7.0/toolchain/avr8/avr8-gnu-toolchain/bin/../lib/gcc/avr/4.9.2/../../../../avr/lib/avr6\libm.a(floatsisf.o)
 .data          0x00000000        0x0 d:/softwares/atmel studio/7.0/toolchain/avr8/avr8-gnu-toolchain/bin/../lib/gcc/avr/4.9.2/../../../../avr/lib/avr6\libm.a(floatsisf.o)
 .bss           0x00000000        0x0 d:/softwares/atmel studio/7.0/toolchain/avr8/avr8-gnu-toolchain/bin/../lib/gcc/avr/4.9.2/../../../../avr/lib/avr6\libm.a(floatsisf.o)
 .text          0x00000000        0x0 d:/softwares/atmel studio/7.0/toolchain/avr8/avr8-gnu-toolchain/bin/../lib/gcc/avr/4.9.2/../../../../avr/lib/avr6\libm.a(fp_inf.o)
 .data          0x00000000        0x0 d:/softwares/atmel studio/7.0/toolchain/avr8/avr8-gnu-toolchain/bin/../lib/gcc/avr/4.9.2/../../../../avr/lib/avr6\libm.a(fp_inf.o)
 .bss           0x00000000        0x0 d:/softwares/atmel studio/7.0/toolchain/avr8/avr8-gnu-toolchain/bin/../lib/gcc/avr/4.9.2/../../../../avr/lib/avr6\libm.a(fp_inf.o)
 .text          0x00000000        0x0 d:/softwares/atmel studio/7.0/toolchain/avr8/avr8-gnu-toolchain/bin/../lib/gcc/avr/4.9.2/../../../../avr/lib/avr6\libm.a(fp_nan.o)
 .data          0x00000000        0x0 d:/softwares/atmel studio/7.0/toolchain/avr8/avr8-gnu-toolchain/bin/../lib/gcc/avr/4.9.2/../../../../avr/lib/avr6\libm.a(fp_nan.o)
 .bss           0x00000000        0x0 d:/softwares/atmel studio/7.0/toolchain/avr8/avr8-gnu-toolchain/bin/../lib/gcc/avr/4.9.2/../../../../avr/lib/avr6\libm.a(fp_nan.o)
 .text          0x00000000        0x0 d:/softwares/atmel studio/7.0/toolchain/avr8/avr8-gnu-toolchain/bin/../lib/gcc/avr/4.9.2/../../../../avr/lib/avr6\libm.a(fp_pscA.o)
 .data          0x00000000        0x0 d:/softwares/atmel studio/7.0/toolchain/avr8/avr8-gnu-toolchain/bin/../lib/gcc/avr/4.9.2/../../../../avr/lib/avr6\libm.a(fp_pscA.o)
 .bss           0x00000000        0x0 d:/softwares/atmel studio/7.0/toolchain/avr8/avr8-gnu-toolchain/bin/../lib/gcc/avr/4.9.2/../../../../avr/lib/avr6\libm.a(fp_pscA.o)
 .text          0x00000000        0x0 d:/softwares/atmel studio/7.0/toolchain/avr8/avr8-gnu-toolchain/bin/../lib/gcc/avr/4.9.2/../../../../avr/lib/avr6\libm.a(fp_pscB.o)
 .data          0x00000000        0x0 d:/softwares/atmel studio/7.0/toolchain/avr8/avr8-gnu-toolchain/bin/../lib/gcc/avr/4.9.2/../../../../avr/lib/avr6\libm.a(fp_pscB.o)
 .bss           0x00000000        0x0 d:/softwares/atmel studio/7.0/toolchain/avr8/avr8-gnu-toolchain/bin/../lib/gcc/avr/4.9.2/../../../../avr/lib/avr6\libm.a(fp_pscB.o)
 .text          0x00000000        0x0 d:/softwares/atmel studio/7.0/toolchain/avr8/avr8-gnu-toolchain/bin/../lib/gcc/avr/4.9.2/../../../../avr/lib/avr6\libm.a(fp_round.o)
 .data          0x00000000        0x0 d:/softwares/atmel studio/7.0/toolchain/avr8/avr8-gnu-toolchain/bin/../lib/gcc/avr/4.9.2/../../../../avr/lib/avr6\libm.a(fp_round.o)
 .bss           0x00000000        0x0 d:/softwares/atmel studio/7.0/toolchain/avr8/avr8-gnu-toolchain/bin/../lib/gcc/avr/4.9.2/../../../../avr/lib/avr6\libm.a(fp_round.o)
 .text          0x00000000        0x0 d:/softwares/atmel studio/7.0/toolchain/avr8/avr8-gnu-toolchain/bin/../lib/gcc/avr/4.9.2/../../../../avr/lib/avr6\libm.a(fp_split3.o)
 .data          0x00000000        0x0 d:/softwares/atmel studio/7.0/toolchain/avr8/avr8-gnu-toolchain/bin/../lib/gcc/avr/4.9.2/../../../../avr/lib/avr6\libm.a(fp_split3.o)
 .bss           0x00000000        0x0 d:/softwares/atmel studio/7.0/toolchain/avr8/avr8-gnu-toolchain/bin/../lib/gcc/avr/4.9.2/../../../../avr/lib/avr6\libm.a(fp_split3.o)
 .text          0x00000000        0x0 d:/softwares/atmel studio/7.0/toolchain/avr8/avr8-gnu-toolchain/bin/../lib/gcc/avr/4.9.2/../../../../avr/lib/avr6\libm.a(fp_zero.o)
 .data          0x00000000        0x0 d:/softwares/atmel studio/7.0/toolchain/avr8/avr8-gnu-toolchain/bin/../lib/gcc/avr/4.9.2/../../../../avr/lib/avr6\libm.a(fp_zero.o)
 .bss           0x00000000        0x0 d:/softwares/atmel studio/7.0/toolchain/avr8/avr8-gnu-toolchain/bin/../lib/gcc/avr/4.9.2/../../../../avr/lib/avr6\libm.a(fp_zero.o)
 .text          0x00000000        0x0 d:/softwares/atmel studio/7.0/toolchain/avr8/avr8-gnu-toolchain/bin/../lib/gcc/avr/4.9.2/../../../../avr/lib/avr6\libm.a(gesf2.o)
 .data          0x00000000        0x0 d:/softwares/atmel studio/7.0/toolchain/avr8/avr8-gnu-toolchain/bin/../lib/gcc/avr/4.9.2/../../../../avr/lib/avr6\libm.a(gesf2.o)
 .bss           0x00000000        0x0 d:/softwares/atmel studio/7.0/toolchain/avr8/avr8-gnu-toolchain/bin/../lib/gcc/avr/4.9.2/../../../../avr/lib/avr6\libm.a(gesf2.o)
 .text          0x00000000        0x0 d:/softwares/atmel studio/7.0/toolchain/avr8/avr8-gnu-toolchain/bin/../lib/gcc/avr/4.9.2/../../../../avr/lib/avr6\libm.a(mulsf3.o)
 .data          0x00000000        0x0 d:/softwares/atmel studio/7.0/toolchain/avr8/avr8-gnu-toolchain/bin/../lib/gcc/avr/4.9.2/../../../../avr/lib/avr6\libm.a(mulsf3.o)
 .bss           0x00000000        0x0 d:/softwares/atmel studio/7.0/toolchain/avr8/avr8-gnu-toolchain/bin/../lib/gcc/avr/4.9.2/../../../../avr/lib/avr6\libm.a(mulsf3.o)
 .text.avr-libc.fplib
                0x00000000        0x8 d:/softwares/atmel studio/7.0/toolchain/avr8/avr8-gnu-toolchain/bin/../lib/gcc/avr/4.9.2/../../../../avr/lib/avr6\libm.a(mulsf3.o)
 .text          0x00000000        0x0 d:/softwares/atmel studio/7.0/toolchain/avr8/avr8-gnu-toolchain/bin/../lib/gcc/avr/4.9.2/../../../../avr/lib/avr6\libm.a(mulsf3x.o)
 .data          0x00000000        0x0 d:/softwares/atmel studio/7.0/toolchain/avr8/avr8-gnu-toolchain/bin/../lib/gcc/avr/4.9.2/../../../../avr/lib/avr6\libm.a(mulsf3x.o)
 .bss           0x00000000        0x0 d:/softwares/atmel studio/7.0/toolchain/avr8/avr8-gnu-toolchain/bin/../lib/gcc/avr/4.9.2/../../../../avr/lib/avr6\libm.a(mulsf3x.o)
 .text.avr-libc.fplib
                0x00000000       0xd2 d:/softwares/atmel studio/7.0/toolchain/avr8/avr8-gnu-toolchain/bin/../lib/gcc/avr/4.9.2/../../../../avr/lib/avr6\libm.a(mulsf3x.o)
 .text          0x00000000        0x0 d:/softwares/atmel studio/7.0/toolchain/avr8/avr8-gnu-toolchain/bin/../lib/gcc/avr/4.9.2/../../../../avr/lib/avr6\libm.a(pow.o)
 .data          0x00000000        0x0 d:/softwares/atmel studio/7.0/toolchain/avr8/avr8-gnu-toolchain/bin/../lib/gcc/avr/4.9.2/../../../../avr/lib/avr6\libm.a(pow.o)
 .bss           0x00000000        0x0 d:/softwares/atmel studio/7.0/toolchain/avr8/avr8-gnu-toolchain/bin/../lib/gcc/avr/4.9.2/../../../../avr/lib/avr6\libm.a(pow.o)
 .text.avr-libc.fplib
                0x00000000       0xa0 d:/softwares/atmel studio/7.0/toolchain/avr8/avr8-gnu-toolchain/bin/../lib/gcc/avr/4.9.2/../../../../avr/lib/avr6\libm.a(pow.o)
 .text          0x00000000        0x0 d:/softwares/atmel studio/7.0/toolchain/avr8/avr8-gnu-toolchain/bin/../lib/gcc/avr/4.9.2/../../../../avr/lib/avr6\libm.a(exp.o)
 .data          0x00000000        0x0 d:/softwares/atmel studio/7.0/toolchain/avr8/avr8-gnu-toolchain/bin/../lib/gcc/avr/4.9.2/../../../../avr/lib/avr6\libm.a(exp.o)
 .bss           0x00000000        0x0 d:/softwares/atmel studio/7.0/toolchain/avr8/avr8-gnu-toolchain/bin/../lib/gcc/avr/4.9.2/../../../../avr/lib/avr6\libm.a(exp.o)
 .text.avr-libc.fplib
                0x00000000       0x74 d:/softwares/atmel studio/7.0/toolchain/avr8/avr8-gnu-toolchain/bin/../lib/gcc/avr/4.9.2/../../../../avr/lib/avr6\libm.a(exp.o)
 .progmem.gcc_fplib
                0x00000000       0x28 d:/softwares/atmel studio/7.0/toolchain/avr8/avr8-gnu-toolchain/bin/../lib/gcc/avr/4.9.2/../../../../avr/lib/avr6\libm.a(exp.o)
 .text          0x00000000        0x0 d:/softwares/atmel studio/7.0/toolchain/avr8/avr8-gnu-toolchain/bin/../lib/gcc/avr/4.9.2/../../../../avr/lib/avr6\libm.a(fp_cmp.o)
 .data          0x00000000        0x0 d:/softwares/atmel studio/7.0/toolchain/avr8/avr8-gnu-toolchain/bin/../lib/gcc/avr/4.9.2/../../../../avr/lib/avr6\libm.a(fp_cmp.o)
 .bss           0x00000000        0x0 d:/softwares/atmel studio/7.0/toolchain/avr8/avr8-gnu-toolchain/bin/../lib/gcc/avr/4.9.2/../../../../avr/lib/avr6\libm.a(fp_cmp.o)
 .text          0x00000000        0x0 d:/softwares/atmel studio/7.0/toolchain/avr8/avr8-gnu-toolchain/bin/../lib/gcc/avr/4.9.2/../../../../avr/lib/avr6\libm.a(fp_powser.o)
 .data          0x00000000        0x0 d:/softwares/atmel studio/7.0/toolchain/avr8/avr8-gnu-toolchain/bin/../lib/gcc/avr/4.9.2/../../../../avr/lib/avr6\libm.a(fp_powser.o)
 .bss           0x00000000        0x0 d:/softwares/atmel studio/7.0/toolchain/avr8/avr8-gnu-toolchain/bin/../lib/gcc/avr/4.9.2/../../../../avr/lib/avr6\libm.a(fp_powser.o)
 .text.avr-libc.fplib
                0x00000000       0x4e d:/softwares/atmel studio/7.0/toolchain/avr8/avr8-gnu-toolchain/bin/../lib/gcc/avr/4.9.2/../../../../avr/lib/avr6\libm.a(fp_powser.o)
 .text          0x00000000        0x0 d:/softwares/atmel studio/7.0/toolchain/avr8/avr8-gnu-toolchain/bin/../lib/gcc/avr/4.9.2/../../../../avr/lib/avr6\libm.a(inverse.o)
 .data          0x00000000        0x0 d:/softwares/atmel studio/7.0/toolchain/avr8/avr8-gnu-toolchain/bin/../lib/gcc/avr/4.9.2/../../../../avr/lib/avr6\libm.a(inverse.o)
 .bss           0x00000000        0x0 d:/softwares/atmel studio/7.0/toolchain/avr8/avr8-gnu-toolchain/bin/../lib/gcc/avr/4.9.2/../../../../avr/lib/avr6\libm.a(inverse.o)
 .text.avr-libc.fplib
                0x00000000       0x10 d:/softwares/atmel studio/7.0/toolchain/avr8/avr8-gnu-toolchain/bin/../lib/gcc/avr/4.9.2/../../../../avr/lib/avr6\libm.a(inverse.o)
 .text          0x00000000        0x0 d:/softwares/atmel studio/7.0/toolchain/avr8/avr8-gnu-toolchain/bin/../lib/gcc/avr/4.9.2/../../../../avr/lib/avr6\libm.a(ldexp.o)
 .data          0x00000000        0x0 d:/softwares/atmel studio/7.0/toolchain/avr8/avr8-gnu-toolchain/bin/../lib/gcc/avr/4.9.2/../../../../avr/lib/avr6\libm.a(ldexp.o)
 .bss           0x00000000        0x0 d:/softwares/atmel studio/7.0/toolchain/avr8/avr8-gnu-toolchain/bin/../lib/gcc/avr/4.9.2/../../../../avr/lib/avr6\libm.a(ldexp.o)
 .text.avr-libc.fplib
                0x00000000       0x74 d:/softwares/atmel studio/7.0/toolchain/avr8/avr8-gnu-toolchain/bin/../lib/gcc/avr/4.9.2/../../../../avr/lib/avr6\libm.a(ldexp.o)
 .text          0x00000000        0x0 d:/softwares/atmel studio/7.0/toolchain/avr8/avr8-gnu-toolchain/bin/../lib/gcc/avr/4.9.2/../../../../avr/lib/avr6\libm.a(log.o)
 .data          0x00000000        0x0 d:/softwares/atmel studio/7.0/toolchain/avr8/avr8-gnu-toolchain/bin/../lib/gcc/avr/4.9.2/../../../../avr/lib/avr6\libm.a(log.o)
 .bss           0x00000000        0x0 d:/softwares/atmel studio/7.0/toolchain/avr8/avr8-gnu-toolchain/bin/../lib/gcc/avr/4.9.2/../../../../avr/lib/avr6\libm.a(log.o)
 .text.avr-libc.fplib
                0x00000000       0xa0 d:/softwares/atmel studio/7.0/toolchain/avr8/avr8-gnu-toolchain/bin/../lib/gcc/avr/4.9.2/../../../../avr/lib/avr6\libm.a(log.o)
 .progmem.gcc_fplib
                0x00000000       0x5a d:/softwares/atmel studio/7.0/toolchain/avr8/avr8-gnu-toolchain/bin/../lib/gcc/avr/4.9.2/../../../../avr/lib/avr6\libm.a(log.o)
 .text          0x00000000        0x0 d:/softwares/atmel studio/7.0/toolchain/avr8/avr8-gnu-toolchain/bin/../lib/gcc/avr/4.9.2/../../../../avr/lib/avr6\libm.a(modf.o)
 .data          0x00000000        0x0 d:/softwares/atmel studio/7.0/toolchain/avr8/avr8-gnu-toolchain/bin/../lib/gcc/avr/4.9.2/../../../../avr/lib/avr6\libm.a(modf.o)
 .bss           0x00000000        0x0 d:/softwares/atmel studio/7.0/toolchain/avr8/avr8-gnu-toolchain/bin/../lib/gcc/avr/4.9.2/../../../../avr/lib/avr6\libm.a(modf.o)
 .text.avr-libc.fplib
                0x00000000       0x68 d:/softwares/atmel studio/7.0/toolchain/avr8/avr8-gnu-toolchain/bin/../lib/gcc/avr/4.9.2/../../../../avr/lib/avr6\libm.a(modf.o)
 .text          0x00000000        0x0 d:/softwares/atmel studio/7.0/toolchain/avr8/avr8-gnu-toolchain/bin/../lib/gcc/avr/4.9.2/../../../../avr/lib/avr6\libm.a(fp_mpack.o)
 .data          0x00000000        0x0 d:/softwares/atmel studio/7.0/toolchain/avr8/avr8-gnu-toolchain/bin/../lib/gcc/avr/4.9.2/../../../../avr/lib/avr6\libm.a(fp_mpack.o)
 .bss           0x00000000        0x0 d:/softwares/atmel studio/7.0/toolchain/avr8/avr8-gnu-toolchain/bin/../lib/gcc/avr/4.9.2/../../../../avr/lib/avr6\libm.a(fp_mpack.o)
 .text.avr-libc.fplib
                0x00000000       0x1c d:/softwares/atmel studio/7.0/toolchain/avr8/avr8-gnu-toolchain/bin/../lib/gcc/avr/4.9.2/../../../../avr/lib/avr6\libm.a(fp_mpack.o)
 .text          0x00000000        0x0 d:/softwares/atmel studio/7.0/toolchain/avr8/avr8-gnu-toolchain/bin/../lib/gcc/avr/4.9.2/avr6\libgcc.a(_exit.o)
 .data          0x00000000        0x0 d:/softwares/atmel studio/7.0/toolchain/avr8/avr8-gnu-toolchain/bin/../lib/gcc/avr/4.9.2/avr6\libgcc.a(_exit.o)
 .bss           0x00000000        0x0 d:/softwares/atmel studio/7.0/toolchain/avr8/avr8-gnu-toolchain/bin/../lib/gcc/avr/4.9.2/avr6\libgcc.a(_exit.o)
 .text.libgcc.mul
                0x00000000        0x0 d:/softwares/atmel studio/7.0/toolchain/avr8/avr8-gnu-toolchain/bin/../lib/gcc/avr/4.9.2/avr6\libgcc.a(_exit.o)
 .text.libgcc.div
                0x00000000        0x0 d:/softwares/atmel studio/7.0/toolchain/avr8/avr8-gnu-toolchain/bin/../lib/gcc/avr/4.9.2/avr6\libgcc.a(_exit.o)
 .text.libgcc   0x00000000        0x0 d:/softwares/atmel studio/7.0/toolchain/avr8/avr8-gnu-toolchain/bin/../lib/gcc/avr/4.9.2/avr6\libgcc.a(_exit.o)
 .text.libgcc.prologue
                0x00000000        0x0 d:/softwares/atmel studio/7.0/toolchain/avr8/avr8-gnu-toolchain/bin/../lib/gcc/avr/4.9.2/avr6\libgcc.a(_exit.o)
 .text.libgcc.builtins
                0x00000000        0x0 d:/softwares/atmel studio/7.0/toolchain/avr8/avr8-gnu-toolchain/bin/../lib/gcc/avr/4.9.2/avr6\libgcc.a(_exit.o)
 .text.libgcc.fmul
                0x00000000        0x0 d:/softwares/atmel studio/7.0/toolchain/avr8/avr8-gnu-toolchain/bin/../lib/gcc/avr/4.9.2/avr6\libgcc.a(_exit.o)
 .text.libgcc.fixed
                0x00000000        0x0 d:/softwares/atmel studio/7.0/toolchain/avr8/avr8-gnu-toolchain/bin/../lib/gcc/avr/4.9.2/avr6\libgcc.a(_exit.o)
 .text          0x00000000        0x0 d:/softwares/atmel studio/7.0/toolchain/avr8/avr8-gnu-toolchain/bin/../lib/gcc/avr/4.9.2/avr6\libgcc.a(_tablejump2.o)
 .data          0x00000000        0x0 d:/softwares/atmel studio/7.0/toolchain/avr8/avr8-gnu-toolchain/bin/../lib/gcc/avr/4.9.2/avr6\libgcc.a(_tablejump2.o)
 .bss           0x00000000        0x0 d:/softwares/atmel studio/7.0/toolchain/avr8/avr8-gnu-toolchain/bin/../lib/gcc/avr/4.9.2/avr6\libgcc.a(_tablejump2.o)
 .text.libgcc.mul
                0x00000000        0x0 d:/softwares/atmel studio/7.0/toolchain/avr8/avr8-gnu-toolchain/bin/../lib/gcc/avr/4.9.2/avr6\libgcc.a(_tablejump2.o)
 .text.libgcc.div
                0x00000000        0x0 d:/softwares/atmel studio/7.0/toolchain/avr8/avr8-gnu-toolchain/bin/../lib/gcc/avr/4.9.2/avr6\libgcc.a(_tablejump2.o)
 .text.libgcc.prologue
                0x00000000        0x0 d:/softwares/atmel studio/7.0/toolchain/avr8/avr8-gnu-toolchain/bin/../lib/gcc/avr/4.9.2/avr6\libgcc.a(_tablejump2.o)
 .text.libgcc.builtins
                0x00000000        0x0 d:/softwares/atmel studio/7.0/toolchain/avr8/avr8-gnu-toolchain/bin/../lib/gcc/avr/4.9.2/avr6\libgcc.a(_tablejump2.o)
 .text.libgcc.fmul
                0x00000000        0x0 d:/softwares/atmel studio/7.0/toolchain/avr8/avr8-gnu-toolchain/bin/../lib/gcc/avr/4.9.2/avr6\libgcc.a(_tablejump2.o)
 .text.libgcc.fixed
                0x00000000        0x0 d:/softwares/atmel studio/7.0/toolchain/avr8/avr8-gnu-toolchain/bin/../lib/gcc/avr/4.9.2/avr6\libgcc.a(_tablejump2.o)
 .text          0x00000000        0x0 d:/softwares/atmel studio/7.0/toolchain/avr8/avr8-gnu-toolchain/bin/../lib/gcc/avr/4.9.2/avr6\libgcc.a(_copy_data.o)
 .data          0x00000000        0x0 d:/softwares/atmel studio/7.0/toolchain/avr8/avr8-gnu-toolchain/bin/../lib/gcc/avr/4.9.2/avr6\libgcc.a(_copy_data.o)
 .bss           0x00000000        0x0 d:/softwares/atmel studio/7.0/toolchain/avr8/avr8-gnu-toolchain/bin/../lib/gcc/avr/4.9.2/avr6\libgcc.a(_copy_data.o)
 .text.libgcc.mul
                0x00000000        0x0 d:/softwares/atmel studio/7.0/toolchain/avr8/avr8-gnu-toolchain/bin/../lib/gcc/avr/4.9.2/avr6\libgcc.a(_copy_data.o)
 .text.libgcc.div
                0x00000000        0x0 d:/softwares/atmel studio/7.0/toolchain/avr8/avr8-gnu-toolchain/bin/../lib/gcc/avr/4.9.2/avr6\libgcc.a(_copy_data.o)
 .text.libgcc   0x00000000        0x0 d:/softwares/atmel studio/7.0/toolchain/avr8/avr8-gnu-toolchain/bin/../lib/gcc/avr/4.9.2/avr6\libgcc.a(_copy_data.o)
 .text.libgcc.prologue
                0x00000000        0x0 d:/softwares/atmel studio/7.0/toolchain/avr8/avr8-gnu-toolchain/bin/../lib/gcc/avr/4.9.2/avr6\libgcc.a(_copy_data.o)
 .text.libgcc.builtins
                0x00000000        0x0 d:/softwares/atmel studio/7.0/toolchain/avr8/avr8-gnu-toolchain/bin/../lib/gcc/avr/4.9.2/avr6\libgcc.a(_copy_data.o)
 .text.libgcc.fmul
                0x00000000        0x0 d:/softwares/atmel studio/7.0/toolchain/avr8/avr8-gnu-toolchain/bin/../lib/gcc/avr/4.9.2/avr6\libgcc.a(_copy_data.o)
 .text.libgcc.fixed
                0x00000000        0x0 d:/softwares/atmel studio/7.0/toolchain/avr8/avr8-gnu-toolchain/bin/../lib/gcc/avr/4.9.2/avr6\libgcc.a(_copy_data.o)
 .text          0x00000000        0x0 d:/softwares/atmel studio/7.0/toolchain/avr8/avr8-gnu-toolchain/bin/../lib/gcc/avr/4.9.2/avr6\libgcc.a(_clear_bss.o)
 .data          0x00000000        0x0 d:/softwares/atmel studio/7.0/toolchain/avr8/avr8-gnu-toolchain/bin/../lib/gcc/avr/4.9.2/avr6\libgcc.a(_clear_bss.o)
 .bss           0x00000000        0x0 d:/softwares/atmel studio/7.0/toolchain/avr8/avr8-gnu-toolchain/bin/../lib/gcc/avr/4.9.2/avr6\libgcc.a(_clear_bss.o)
 .text.libgcc.mul
                0x00000000        0x0 d:/softwares/atmel studio/7.0/toolchain/avr8/avr8-gnu-toolchain/bin/../lib/gcc/avr/4.9.2/avr6\libgcc.a(_clear_bss.o)
 .text.libgcc.div
                0x00000000        0x0 d:/softwares/atmel studio/7.0/toolchain/avr8/avr8-gnu-toolchain/bin/../lib/gcc/avr/4.9.2/avr6\libgcc.a(_clear_bss.o)
 .text.libgcc   0x00000000        0x0 d:/softwares/atmel studio/7.0/toolchain/avr8/avr8-gnu-toolchain/bin/../lib/gcc/avr/4.9.2/avr6\libgcc.a(_clear_bss.o)
 .text.libgcc.prologue
                0x00000000        0x0 d:/softwares/atmel studio/7.0/toolchain/avr8/avr8-gnu-toolchain/bin/../lib/gcc/avr/4.9.2/avr6\libgcc.a(_clear_bss.o)
 .text.libgcc.builtins
                0x00000000        0x0 d:/softwares/atmel studio/7.0/toolchain/avr8/avr8-gnu-toolchain/bin/../lib/gcc/avr/4.9.2/avr6\libgcc.a(_clear_bss.o)
 .text.libgcc.fmul
                0x00000000        0x0 d:/softwares/atmel studio/7.0/toolchain/avr8/avr8-gnu-toolchain/bin/../lib/gcc/avr/4.9.2/avr6\libgcc.a(_clear_bss.o)
 .text.libgcc.fixed
                0x00000000        0x0 d:/softwares/atmel studio/7.0/toolchain/avr8/avr8-gnu-toolchain/bin/../lib/gcc/avr/4.9.2/avr6\libgcc.a(_clear_bss.o)
 .text          0x00000000        0x0 d:/softwares/atmel studio/7.0/toolchain/avr8/avr8-gnu-toolchain/bin/../lib/gcc/avr/4.9.2/avr6\libgcc.a(_umulhisi3.o)
 .data          0x00000000        0x0 d:/softwares/atmel studio/7.0/toolchain/avr8/avr8-gnu-toolchain/bin/../lib/gcc/avr/4.9.2/avr6\libgcc.a(_umulhisi3.o)
 .bss           0x00000000        0x0 d:/softwares/atmel studio/7.0/toolchain/avr8/avr8-gnu-toolchain/bin/../lib/gcc/avr/4.9.2/avr6\libgcc.a(_umulhisi3.o)
 .text.libgcc.div
                0x00000000        0x0 d:/softwares/atmel studio/7.0/toolchain/avr8/avr8-gnu-toolchain/bin/../lib/gcc/avr/4.9.2/avr6\libgcc.a(_umulhisi3.o)
 .text.libgcc   0x00000000        0x0 d:/softwares/atmel studio/7.0/toolchain/avr8/avr8-gnu-toolchain/bin/../lib/gcc/avr/4.9.2/avr6\libgcc.a(_umulhisi3.o)
 .text.libgcc.prologue
                0x00000000        0x0 d:/softwares/atmel studio/7.0/toolchain/avr8/avr8-gnu-toolchain/bin/../lib/gcc/avr/4.9.2/avr6\libgcc.a(_umulhisi3.o)
 .text.libgcc.builtins
                0x00000000        0x0 d:/softwares/atmel studio/7.0/toolchain/avr8/avr8-gnu-toolchain/bin/../lib/gcc/avr/4.9.2/avr6\libgcc.a(_umulhisi3.o)
 .text.libgcc.fmul
                0x00000000        0x0 d:/softwares/atmel studio/7.0/toolchain/avr8/avr8-gnu-toolchain/bin/../lib/gcc/avr/4.9.2/avr6\libgcc.a(_umulhisi3.o)
 .text.libgcc.fixed
                0x00000000        0x0 d:/softwares/atmel studio/7.0/toolchain/avr8/avr8-gnu-toolchain/bin/../lib/gcc/avr/4.9.2/avr6\libgcc.a(_umulhisi3.o)
 .text          0x00000000        0x0 d:/softwares/atmel studio/7.0/toolchain/avr8/avr8-gnu-toolchain/bin/../lib/gcc/avr/4.9.2/../../../../avr/lib/avr6\libc.a(iob.o)
 .data          0x00000000        0x0 d:/softwares/atmel studio/7.0/toolchain/avr8/avr8-gnu-toolchain/bin/../lib/gcc/avr/4.9.2/../../../../avr/lib/avr6\libc.a(iob.o)
 .bss           0x00000000        0x0 d:/softwares/atmel studio/7.0/toolchain/avr8/avr8-gnu-toolchain/bin/../lib/gcc/avr/4.9.2/../../../../avr/lib/avr6\libc.a(iob.o)
 .text          0x00000000        0x0 d:/softwares/atmel studio/7.0/toolchain/avr8/avr8-gnu-toolchain/bin/../lib/gcc/avr/4.9.2/../../../../avr/lib/avr6\libc.a(printf.o)
 .data          0x00000000        0x0 d:/softwares/atmel studio/7.0/toolchain/avr8/avr8-gnu-toolchain/bin/../lib/gcc/avr/4.9.2/../../../../avr/lib/avr6\libc.a(printf.o)
 .bss           0x00000000        0x0 d:/softwares/atmel studio/7.0/toolchain/avr8/avr8-gnu-toolchain/bin/../lib/gcc/avr/4.9.2/../../../../avr/lib/avr6\libc.a(printf.o)
 .text          0x00000000        0x0 d:/softwares/atmel studio/7.0/toolchain/avr8/avr8-gnu-toolchain/bin/../lib/gcc/avr/4.9.2/../../../../avr/lib/avr6\libc.a(puts.o)
 .data          0x00000000        0x0 d:/softwares/atmel studio/7.0/toolchain/avr8/avr8-gnu-toolchain/bin/../lib/gcc/avr/4.9.2/../../../../avr/lib/avr6\libc.a(puts.o)
 .bss           0x00000000        0x0 d:/softwares/atmel studio/7.0/toolchain/avr8/avr8-gnu-toolchain/bin/../lib/gcc/avr/4.9.2/../../../../avr/lib/avr6\libc.a(puts.o)
 .text          0x00000000        0x0 d:/softwares/atmel studio/7.0/toolchain/avr8/avr8-gnu-toolchain/bin/../lib/gcc/avr/4.9.2/../../../../avr/lib/avr6\libc.a(vfprintf_std.o)
 .data          0x00000000        0x0 d:/softwares/atmel studio/7.0/toolchain/avr8/avr8-gnu-toolchain/bin/../lib/gcc/avr/4.9.2/../../../../avr/lib/avr6\libc.a(vfprintf_std.o)
 .bss           0x00000000        0x0 d:/softwares/atmel studio/7.0/toolchain/avr8/avr8-gnu-toolchain/bin/../lib/gcc/avr/4.9.2/../../../../avr/lib/avr6\libc.a(vfprintf_std.o)
 .text          0x00000000        0x0 d:/softwares/atmel studio/7.0/toolchain/avr8/avr8-gnu-toolchain/bin/../lib/gcc/avr/4.9.2/../../../../avr/lib/avr6\libc.a(strnlen_P.o)
 .data          0x00000000        0x0 d:/softwares/atmel studio/7.0/toolchain/avr8/avr8-gnu-toolchain/bin/../lib/gcc/avr/4.9.2/../../../../avr/lib/avr6\libc.a(strnlen_P.o)
 .bss           0x00000000        0x0 d:/softwares/atmel studio/7.0/toolchain/avr8/avr8-gnu-toolchain/bin/../lib/gcc/avr/4.9.2/../../../../avr/lib/avr6\libc.a(strnlen_P.o)
 .text          0x00000000        0x0 d:/softwares/atmel studio/7.0/toolchain/avr8/avr8-gnu-toolchain/bin/../lib/gcc/avr/4.9.2/../../../../avr/lib/avr6\libc.a(strnlen.o)
 .data          0x00000000        0x0 d:/softwares/atmel studio/7.0/toolchain/avr8/avr8-gnu-toolchain/bin/../lib/gcc/avr/4.9.2/../../../../avr/lib/avr6\libc.a(strnlen.o)
 .bss           0x00000000        0x0 d:/softwares/atmel studio/7.0/toolchain/avr8/avr8-gnu-toolchain/bin/../lib/gcc/avr/4.9.2/../../../../avr/lib/avr6\libc.a(strnlen.o)
 .text          0x00000000        0x0 d:/softwares/atmel studio/7.0/toolchain/avr8/avr8-gnu-toolchain/bin/../lib/gcc/avr/4.9.2/../../../../avr/lib/avr6\libc.a(fputc.o)
 .data          0x00000000        0x0 d:/softwares/atmel studio/7.0/toolchain/avr8/avr8-gnu-toolchain/bin/../lib/gcc/avr/4.9.2/../../../../avr/lib/avr6\libc.a(fputc.o)
 .bss           0x00000000        0x0 d:/softwares/atmel studio/7.0/toolchain/avr8/avr8-gnu-toolchain/bin/../lib/gcc/avr/4.9.2/../../../../avr/lib/avr6\libc.a(fputc.o)
 .text          0x00000000        0x0 d:/softwares/atmel studio/7.0/toolchain/avr8/avr8-gnu-toolchain/bin/../lib/gcc/avr/4.9.2/../../../../avr/lib/avr6\libc.a(ultoa_invert.o)
 .data          0x00000000        0x0 d:/softwares/atmel studio/7.0/toolchain/avr8/avr8-gnu-toolchain/bin/../lib/gcc/avr/4.9.2/../../../../avr/lib/avr6\libc.a(ultoa_invert.o)
 .bss           0x00000000        0x0 d:/softwares/atmel studio/7.0/toolchain/avr8/avr8-gnu-toolchain/bin/../lib/gcc/avr/4.9.2/../../../../avr/lib/avr6\libc.a(ultoa_invert.o)

Memory Configuration

Name             Origin             Length             Attributes
text             0x00000000         0x00100000         xr
data             0x00800200         0x0000fe00         rw !x
eeprom           0x00810000         0x00010000         rw !x
fuse             0x00820000         0x00000003         rw !x
lock             0x00830000         0x00000400         rw !x
signature        0x00840000         0x00000400         rw !x
user_signatures  0x00850000         0x00000400         rw !x
*default*        0x00000000         0xffffffff

Linker script and memory map

Address of section .data set to 0x800200
LOAD D:/Softwares/Atmel Studio/7.0/Packs/atmel/ATmega_DFP/1.1.130/gcc/dev/atmega2560/avr6/crtatmega2560.o
LOAD main.o
START GROUP
LOAD d:/softwares/atmel studio/7.0/toolchain/avr8/avr8-gnu-toolchain/bin/../lib/gcc/avr/4.9.2/../../../../avr/lib/avr6\libm.a
END GROUP
START GROUP
LOAD d:/softwares/atmel studio/7.0/toolchain/avr8/avr8-gnu-toolchain/bin/../lib/gcc/avr/4.9.2/avr6\libgcc.a
LOAD d:/softwares/atmel studio/7.0/toolchain/avr8/avr8-gnu-toolchain/bin/../lib/gcc/avr/4.9.2/../../../../avr/lib/avr6\libm.a
LOAD d:/softwares/atmel studio/7.0/toolchain/avr8/avr8-gnu-toolchain/bin/../lib/gcc/avr/4.9.2/../../../../avr/lib/avr6\libc.a
LOAD D:/Softwares/Atmel Studio/7.0/Packs/atmel/ATmega_DFP/1.1.130/gcc/dev/atmega2560/avr6\libatmega2560.a
END GROUP
                0x00100000                __TEXT_REGION_LENGTH__ = DEFINED (__TEXT_REGION_LENGTH__)?__TEXT_REGION_LENGTH__:0x100000
                0x0000fe00                __DATA_REGION_LENGTH__ = DEFINED (__DATA_REGION_LENGTH__)?__DATA_REGION_LENGTH__:0xfe00
                0x00010000                __EEPROM_REGION_LENGTH__ = DEFINED (__EEPROM_REGION_LENGTH__)?__EEPROM_REGION_LENGTH__:0x10000
                [0x00000003]                __FUSE_REGION_LENGTH__ = DEFINED (__FUSE_REGION_LENGTH__)?__FUSE_REGION_LENGTH__:0x400
                0x00000400                __LOCK_REGION_LENGTH__ = DEFINED (__LOCK_REGION_LENGTH__)?__LOCK_REGION_LENGTH__:0x400
                0x00000400                __SIGNATURE_REGION_LENGTH__ = DEFINED (__SIGNATURE_REGION_LENGTH__)?__SIGNATURE_REGION_LENGTH__:0x400
                0x00000400                __USER_SIGNATURE_REGION_LENGTH__ = DEFINED (__USER_SIGNATURE_REGION_LENGTH__)?__USER_SIGNATURE_REGION_LENGTH__:0x400

.hash
 *(.hash)

.dynsym
 *(.dynsym)

.dynstr
 *(.dynstr)

.gnu.version
 *(.gnu.version)

.gnu.version_d
 *(.gnu.version_d)

.gnu.version_r
 *(.gnu.version_r)

.rel.init
 *(.rel.init)

.rela.init
 *(.rela.init)

.rel.text
 *(.rel.text)
 *(.rel.text.*)
 *(.rel.gnu.linkonce.t*)

.rela.text
 *(.rela.text)
 *(.rela.text.*)
 *(.rela.gnu.linkonce.t*)

.rel.fini
 *(.rel.fini)

.rela.fini
 *(.rela.fini)

.rel.rodata
 *(.rel.rodata)
 *(.rel.rodata.*)
 *(.rel.gnu.linkonce.r*)

.rela.rodata
 *(.rela.rodata)
 *(.rela.rodata.*)
 *(.rela.gnu.linkonce.r*)

.rel.data
 *(.rel.data)
 *(.rel.data.*)
 *(.rel.gnu.linkonce.d*)

.rela.data
 *(.rela.data)
 *(.rela.data.*)
 *(.rela.gnu.linkonce.d*)

.rel.ctors
 *(.rel.ctors)

.rela.ctors
 *(.rela.ctors)

.rel.dtors
 *(.rel.dtors)

.rela.dtors
 *(.rela.dtors)

.rel.got
 *(.rel.got)

.rela.got
 *(.rela.got)

.rel.bss
 *(.rel.bss)

.rela.bss
 *(.rela.bss)

.rel.plt
 *(.rel.plt)

.rela.plt
 *(.rela.plt)

.text           0x00000000     0x4206
 *(.vectors)
 .vectors       0x00000000       0xe4 D:/Softwares/Atmel Studio/7.0/Packs/atmel/ATmega_DFP/1.1.130/gcc/dev/atmega2560/avr6/crtatmega2560.o
                0x00000000                __vector_default
                0x00000000                __vectors
 *(.vectors)
 *(.progmem.gcc*)
 .progmem.gcc_sw_table.__vector_25
                0x000000e4       0x20 main.o
                0x00000104                . = ALIGN (0x2)
                0x00000104                __trampolines_start = .
 *(.trampolines)
 .trampolines   0x00000104        0x0 linker stubs
 *(.trampolines*)
                0x00000104                __trampolines_end = .
 *libprintf_flt.a:*(.progmem.data)
 *libc.a:*(.progmem.data)
 *(.progmem*)
                0x00000104                . = ALIGN (0x2)
 *(.jumptables)
 *(.jumptables*)
 *(.lowtext)
 *(.lowtext*)
                0x00000104                __ctors_start = .
 *(.ctors)
                0x00000104                __ctors_end = .
                0x00000104                __dtors_start = .
 *(.dtors)
                0x00000104                __dtors_end = .
 SORT(*)(.ctors)
 SORT(*)(.dtors)
 *(.init0)
 .init0         0x00000104        0x0 D:/Softwares/Atmel Studio/7.0/Packs/atmel/ATmega_DFP/1.1.130/gcc/dev/atmega2560/avr6/crtatmega2560.o
                0x00000104                __init
 *(.init0)
 *(.init1)
 *(.init1)
 *(.init2)
 .init2         0x00000104       0x10 D:/Softwares/Atmel Studio/7.0/Packs/atmel/ATmega_DFP/1.1.130/gcc/dev/atmega2560/avr6/crtatmega2560.o
 *(.init2)
 *(.init3)
 *(.init3)
 *(.init4)
 .init4         0x00000114       0x1a d:/softwares/atmel studio/7.0/toolchain/avr8/avr8-gnu-toolchain/bin/../lib/gcc/avr/4.9.2/avr6\libgcc.a(_copy_data.o)
                0x00000114                __do_copy_data
 .init4         0x0000012e       0x10 d:/softwares/atmel studio/7.0/toolchain/avr8/avr8-gnu-toolchain/bin/../lib/gcc/avr/4.9.2/avr6\libgcc.a(_clear_bss.o)
                0x0000012e                __do_clear_bss
 *(.init4)
 *(.init5)
 *(.init5)
 *(.init6)
 *(.init6)
 *(.init7)
 *(.init7)
 *(.init8)
 *(.init8)
 *(.init9)
 .init9         0x0000013e        0x8 D:/Softwares/Atmel Studio/7.0/Packs/atmel/ATmega_DFP/1.1.130/gcc/dev/atmega2560/avr6/crtatmega2560.o
 *(.init9)
 *(.text)
 .text          0x00000146        0x2 D:/Softwares/Atmel Studio/7.0/Packs/atmel/ATmega_DFP/1.1.130/gcc/dev/atmega2560/avr6/crtatmega2560.o
                0x00000146                __vector_38
                0x00000146                __vector_22
                0x00000146                __vector_28
                0x00000146                __vector_1
                0x00000146                __vector_32
                0x00000146                __vector_34
                0x00000146                __vector_24
                0x00000146                __vector_12
                0x00000146                __vector_55
                0x00000146                __vector_46
                0x00000146                __bad_interrupt
                0x00000146                __vector_31
                0x00000146                __vector_35
                0x00000146                __vector_39
                0x00000146                __vector_3
                0x00000146                __vector_23
                0x00000146                __vector_30
                0x00000146                __vector_45
                0x00000146                __vector_11
                0x00000146                __vector_54
                0x00000146                __vector_13
                0x00000146                __vector_17
                0x00000146                __vector_19
                0x00000146                __vector_56
                0x00000146                __vector_7
                0x00000146                __vector_49
                0x00000146                __vector_41
                0x00000146                __vector_43
                0x00000146                __vector_27
                0x00000146                __vector_33
                0x00000146                __vector_47
                0x00000146                __vector_52
                0x00000146                __vector_37
                0x00000146                __vector_4
                0x00000146                __vector_44
                0x00000146                __vector_9
                0x00000146                __vector_2
                0x00000146                __vector_21
                0x00000146                __vector_15
                0x00000146                __vector_36
                0x00000146                __vector_29
                0x00000146                __vector_40
                0x00000146                __vector_26
                0x00000146                __vector_48
                0x00000146                __vector_14
                0x00000146                __vector_53
                0x00000146                __vector_10
                0x00000146                __vector_50
                0x00000146                __vector_16
                0x00000146                __vector_18
                0x00000146                __vector_20
                0x00000146                __vector_42
                0x00000148                . = ALIGN (0x2)
 *(.text.*)
 .text.uart_putchar
                0x00000148       0x1e main.o
                0x00000148                uart_putchar
 .text.lcd_port_config
                0x00000166        0xe main.o
                0x00000166                lcd_port_config
 .text.lcd_set_4bit
                0x00000174       0x86 main.o
                0x00000174                lcd_set_4bit
 .text.lcd_wr_command
                0x000001fa       0x4a main.o
                0x000001fa                lcd_wr_command
 .text.lcd_wr_char
                0x00000244       0x4a main.o
                0x00000244                lcd_wr_char
 .text.lcd_home
                0x0000028e        0x6 main.o
                0x0000028e                lcd_home
 .text.lcd_string
                0x00000294       0x1c main.o
                0x00000294                lcd_string
 .text.lcd_init
                0x000002b0       0x20 main.o
                0x000002b0                lcd_init
 .text.lcd_cursor
                0x000002d0       0x36 main.o
                0x000002d0                lcd_cursor
 .text.lcd_print
                0x00000306      0x1f0 main.o
                0x00000306                lcd_print
 .text.lcd_clear
                0x000004f6       0x18 main.o
                0x000004f6                lcd_clear
 .text.declare_constants
                0x0000050e      0xd88 main.o
                0x0000050e                declare_constants
 .text.__vector_25
                0x00001296      0x2c2 main.o
                0x00001296                __vector_25
 .text.__vector_51
                0x00001558       0x9e main.o
                0x00001558                __vector_51
 .text.__vector_8
                0x000015f6       0x1e main.o
                0x000015f6                __vector_8
 .text.servo1_pin_config
                0x00001614        0x6 main.o
                0x00001614                servo1_pin_config
 .text.timer1_init
                0x0000161a       0x36 main.o
                0x0000161a                timer1_init
 .text.servo_1  0x00001650       0x32 main.o
                0x00001650                servo_1
 .text.buzzer_pin_config
                0x00001682        0x6 main.o
                0x00001682                buzzer_pin_config
 .text.buzzer_on
                0x00001688        0x8 main.o
                0x00001688                buzzer_on
 .text.buzzer_off
                0x00001690        0x8 main.o
                0x00001690                buzzer_off
 .text.adc_pin_config
                0x00001698        0xe main.o
                0x00001698                adc_pin_config
 .text.motion_pin_config
                0x000016a6       0x22 main.o
                0x000016a6                motion_pin_config
 .text.left_encoder_pin_config
                0x000016c8        0x6 main.o
                0x000016c8                left_encoder_pin_config
 .text.right_encoder_pin_config
                0x000016ce        0x6 main.o
                0x000016ce                right_encoder_pin_config
 .text.port_init
                0x000016d4       0x10 main.o
                0x000016d4                port_init
 .text.timer5_init
                0x000016e4       0x36 main.o
                0x000016e4                timer5_init
 .text.adc_init
                0x0000171a       0x1a main.o
                0x0000171a                adc_init
 .text.ADC_Conversion
                0x00001734       0x36 main.o
                0x00001734                ADC_Conversion
 .text.left_position_encoder_interrupt_init
                0x0000176a       0x12 main.o
                0x0000176a                left_position_encoder_interrupt_init
 .text.right_position_encoder_interrupt_init
                0x0000177c       0x12 main.o
                0x0000177c                right_position_encoder_interrupt_init
 .text.__vector_6
                0x0000178e       0x4a main.o
                0x0000178e                __vector_6
 .text.__vector_5
                0x000017d8       0x4a main.o
                0x000017d8                __vector_5
 .text.motion_set
                0x00001822        0xc main.o
                0x00001822                motion_set
 .text.forward  0x0000182e        0x6 main.o
                0x0000182e                forward
 .text.left     0x00001834        0x6 main.o
                0x00001834                left
 .text.right    0x0000183a        0x6 main.o
                0x0000183a                right
 .text.stop     0x00001840        0x6 main.o
                0x00001840                stop
 .text.angle_rotate
                0x00001846       0xa4 main.o
                0x00001846                angle_rotate
 .text.left_degrees
                0x000018ea       0x1c main.o
                0x000018ea                left_degrees
 .text.right_degrees
                0x00001906       0x1c main.o
                0x00001906                right_degrees
 .text.LED_bargraph_config
                0x00001922        0xc main.o
                0x00001922                LED_bargraph_config
 .text.boot_Interrupt_config
                0x0000192e       0x12 main.o
                0x0000192e                boot_Interrupt_config
 .text.init_devices
                0x00001940       0x56 main.o
                0x00001940                init_devices
 .text.linear_distance_mm
                0x00001996       0x4c main.o
                0x00001996                linear_distance_mm
 .text.forward_mm
                0x000019e2       0x1e main.o
                0x000019e2                forward_mm
 .text.costplan
                0x00001a00      0x206 main.o
                0x00001a00                costplan
 .text.rotate   0x00001c06      0x11c main.o
                0x00001c06                rotate
 .text.swapTask
                0x00001d22       0xae main.o
                0x00001d22                swapTask
 .text.servoStrike
                0x00001dd0       0x9e main.o
                0x00001dd0                servoStrike
 .text.move     0x00001e6e      0xa1a main.o
                0x00001e6e                move
 .text.BotEndLocation
                0x00002888       0xaa main.o
                0x00002888                BotEndLocation
 .text.processNotes
                0x00002932      0x308 main.o
                0x00002932                processNotes
 .text.main     0x00002c3a      0xc78 main.o
                0x00002c3a                main
 .text.avr-libc.fplib
                0x000038b2        0xa d:/softwares/atmel studio/7.0/toolchain/avr8/avr8-gnu-toolchain/bin/../lib/gcc/avr/4.9.2/../../../../avr/lib/avr6\libm.a(addsf3.o)
                0x000038b2                __subsf3
                0x000038b4                __addsf3
 .text.avr-libc.fplib
                0x000038bc       0xc0 d:/softwares/atmel studio/7.0/toolchain/avr8/avr8-gnu-toolchain/bin/../lib/gcc/avr/4.9.2/../../../../avr/lib/avr6\libm.a(addsf3x.o)
                0x000038d6                __addsf3x
 .text.avr-libc.fplib
                0x0000397c        0x4 d:/softwares/atmel studio/7.0/toolchain/avr8/avr8-gnu-toolchain/bin/../lib/gcc/avr/4.9.2/../../../../avr/lib/avr6\libm.a(divsf3.o)
                0x0000397c                __divsf3
 .text.avr-libc.fplib
                0x00003980       0xcc d:/softwares/atmel studio/7.0/toolchain/avr8/avr8-gnu-toolchain/bin/../lib/gcc/avr/4.9.2/../../../../avr/lib/avr6\libm.a(divsf3x.o)
                0x00003996                __divsf3x
                0x0000399a                __divsf3_pse
 .text.avr-libc.fplib
                0x00003a4c        0xa d:/softwares/atmel studio/7.0/toolchain/avr8/avr8-gnu-toolchain/bin/../lib/gcc/avr/4.9.2/../../../../avr/lib/avr6\libm.a(fixsfsi.o)
                0x00003a4c                __fixsfsi
 .text.avr-libc.fplib
                0x00003a56       0x58 d:/softwares/atmel studio/7.0/toolchain/avr8/avr8-gnu-toolchain/bin/../lib/gcc/avr/4.9.2/../../../../avr/lib/avr6\libm.a(fixunssfsi.o)
                0x00003a56                __fixunssfsi
 .text.avr-libc.fplib
                0x00003aae       0x7a d:/softwares/atmel studio/7.0/toolchain/avr8/avr8-gnu-toolchain/bin/../lib/gcc/avr/4.9.2/../../../../avr/lib/avr6\libm.a(floatsisf.o)
                0x00003aae                __floatunsisf
                0x00003ab2                __floatsisf
 .text.avr-libc.fplib
                0x00003b28        0xc d:/softwares/atmel studio/7.0/toolchain/avr8/avr8-gnu-toolchain/bin/../lib/gcc/avr/4.9.2/../../../../avr/lib/avr6\libm.a(fp_inf.o)
                0x00003b28                __fp_inf
 .text.avr-libc.fplib
                0x00003b34        0x6 d:/softwares/atmel studio/7.0/toolchain/avr8/avr8-gnu-toolchain/bin/../lib/gcc/avr/4.9.2/../../../../avr/lib/avr6\libm.a(fp_nan.o)
                0x00003b34                __fp_nan
 .text.avr-libc.fplib
                0x00003b3a        0xe d:/softwares/atmel studio/7.0/toolchain/avr8/avr8-gnu-toolchain/bin/../lib/gcc/avr/4.9.2/../../../../avr/lib/avr6\libm.a(fp_pscA.o)
                0x00003b3a                __fp_pscA
 .text.avr-libc.fplib
                0x00003b48        0xe d:/softwares/atmel studio/7.0/toolchain/avr8/avr8-gnu-toolchain/bin/../lib/gcc/avr/4.9.2/../../../../avr/lib/avr6\libm.a(fp_pscB.o)
                0x00003b48                __fp_pscB
 .text.avr-libc.fplib
                0x00003b56       0x22 d:/softwares/atmel studio/7.0/toolchain/avr8/avr8-gnu-toolchain/bin/../lib/gcc/avr/4.9.2/../../../../avr/lib/avr6\libm.a(fp_round.o)
                0x00003b56                __fp_round
 .text.avr-libc.fplib
                0x00003b78       0x44 d:/softwares/atmel studio/7.0/toolchain/avr8/avr8-gnu-toolchain/bin/../lib/gcc/avr/4.9.2/../../../../avr/lib/avr6\libm.a(fp_split3.o)
                0x00003b78                __fp_split3
                0x00003b88                __fp_splitA
 .text.avr-libc.fplib
                0x00003bbc        0xe d:/softwares/atmel studio/7.0/toolchain/avr8/avr8-gnu-toolchain/bin/../lib/gcc/avr/4.9.2/../../../../avr/lib/avr6\libm.a(fp_zero.o)
                0x00003bbc                __fp_zero
                0x00003bbe                __fp_szero
 .text.avr-libc.fplib
                0x00003bca        0x8 d:/softwares/atmel studio/7.0/toolchain/avr8/avr8-gnu-toolchain/bin/../lib/gcc/avr/4.9.2/../../../../avr/lib/avr6\libm.a(gesf2.o)
                0x00003bca                __gesf2
                0x00003bca                __gtsf2
 .text.avr-libc.fplib
                0x00003bd2       0x48 d:/softwares/atmel studio/7.0/toolchain/avr8/avr8-gnu-toolchain/bin/../lib/gcc/avr/4.9.2/../../../../avr/lib/avr6\libm.a(fp_cmp.o)
                0x00003bd2                __fp_cmp
 .text.libgcc   0x00003c1a       0x10 d:/softwares/atmel studio/7.0/toolchain/avr8/avr8-gnu-toolchain/bin/../lib/gcc/avr/4.9.2/avr6\libgcc.a(_tablejump2.o)
                0x00003c1a                __tablejump2__
 .text.libgcc.mul
                0x00003c2a       0x1e d:/softwares/atmel studio/7.0/toolchain/avr8/avr8-gnu-toolchain/bin/../lib/gcc/avr/4.9.2/avr6\libgcc.a(_umulhisi3.o)
                0x00003c2a                __umulhisi3
 .text.avr-libc
                0x00003c48       0x26 d:/softwares/atmel studio/7.0/toolchain/avr8/avr8-gnu-toolchain/bin/../lib/gcc/avr/4.9.2/../../../../avr/lib/avr6\libc.a(printf.o)
                0x00003c48                printf
 .text.avr-libc
                0x00003c6e       0x60 d:/softwares/atmel studio/7.0/toolchain/avr8/avr8-gnu-toolchain/bin/../lib/gcc/avr/4.9.2/../../../../avr/lib/avr6\libc.a(puts.o)
                0x00003c6e                puts
 .text.avr-libc
                0x00003cce      0x3dc d:/softwares/atmel studio/7.0/toolchain/avr8/avr8-gnu-toolchain/bin/../lib/gcc/avr/4.9.2/../../../../avr/lib/avr6\libc.a(vfprintf_std.o)
                0x00003cce                vfprintf
 .text.avr-libc
                0x000040aa       0x16 d:/softwares/atmel studio/7.0/toolchain/avr8/avr8-gnu-toolchain/bin/../lib/gcc/avr/4.9.2/../../../../avr/lib/avr6\libc.a(strnlen_P.o)
                0x000040aa                strnlen_P
 .text.avr-libc
                0x000040c0       0x16 d:/softwares/atmel studio/7.0/toolchain/avr8/avr8-gnu-toolchain/bin/../lib/gcc/avr/4.9.2/../../../../avr/lib/avr6\libc.a(strnlen.o)
                0x000040c0                strnlen
 .text.avr-libc
                0x000040d6       0x70 d:/softwares/atmel studio/7.0/toolchain/avr8/avr8-gnu-toolchain/bin/../lib/gcc/avr/4.9.2/../../../../avr/lib/avr6\libc.a(fputc.o)
                0x000040d6                fputc
 .text.avr-libc
                0x00004146       0xbc d:/softwares/atmel studio/7.0/toolchain/avr8/avr8-gnu-toolchain/bin/../lib/gcc/avr/4.9.2/../../../../avr/lib/avr6\libc.a(ultoa_invert.o)
                0x00004146                __ultoa_invert
                0x00004202                . = ALIGN (0x2)
 *(.fini9)
 .fini9         0x00004202        0x0 d:/softwares/atmel studio/7.0/toolchain/avr8/avr8-gnu-toolchain/bin/../lib/gcc/avr/4.9.2/avr6\libgcc.a(_exit.o)
                0x00004202                _exit
                0x00004202                exit
 *(.fini9)
 *(.fini8)
 *(.fini8)
 *(.fini7)
 *(.fini7)
 *(.fini6)
 *(.fini6)
 *(.fini5)
 *(.fini5)
 *(.fini4)
 *(.fini4)
 *(.fini3)
 *(.fini3)
 *(.fini2)
 *(.fini2)
 *(.fini1)
 *(.fini1)
 *(.fini0)
 .fini0         0x00004202        0x4 d:/softwares/atmel studio/7.0/toolchain/avr8/avr8-gnu-toolchain/bin/../lib/gcc/avr/4.9.2/avr6\libgcc.a(_exit.o)
 *(.fini0)
                0x00004206                _etext = .

.data           0x00800200      0x5c6 load address 0x00004206
                0x00800200                PROVIDE (__data_start, .)
 *(.data)
 *(.data*)
 .data.uart_debug
                0x00800200        0xe main.o
                0x00800200                uart_debug
 .data.prevbotloc
                0x0080020e        0x2 main.o
                0x0080020e                prevbotloc
 .data.speed    0x00800210        0x2 main.o
                0x00800210                speed
 .data.botang   0x00800212        0x2 main.o
                0x00800212                botang
 .data.thresh   0x00800214        0x2 main.o
                0x00800214                thresh
 .data.lastCommand
                0x00800216        0x1 main.o
                0x00800216                lastCommand
 .data.otherBotMovingTo
                0x00800217        0x1 main.o
                0x00800217                otherBotMovingTo
 .data.otherBotLocation
                0x00800218        0x1 main.o
                0x00800218                otherBotLocation
 .data.botloc   0x00800219        0x2 main.o
                0x00800219                botloc
 .data.otherBotLastTaskIndex
                0x0080021b        0x1 main.o
                0x0080021b                otherBotLastTaskIndex
 .data.botLastIndex
                0x0080021c        0x2 main.o
                0x0080021c                botLastIndex
 .data.movToDestNote
                0x0080021e      0x108 main.o
                0x0080021e                movToDestNote
 .data.noteangles
                0x00800326      0x210 main.o
                0x00800326                noteangles
 .data.nodesnear
                0x00800536      0x18c main.o
                0x00800536                nodesnear
 *(.rodata)
 *(.rodata*)
 .rodata.str1.1
                0x008006c2      0x104 main.o
 *(.gnu.linkonce.d*)
                0x008007c6                . = ALIGN (0x2)
                0x008007c6                _edata = .
                0x008007c6                PROVIDE (__data_end, .)

.bss            0x008007c6      0x441
                0x008007c6                PROVIDE (__bss_start, .)
 *(.bss)
 *(.bss*)
 .bss.prevShaftCount
                0x008007c6        0x2 main.o
                0x008007c6                prevShaftCount
 .bss.q         0x008007c8        0x2 main.o
                0x008007c8                q
 .bss.Front_IR_Sensor
                0x008007ca        0x1 main.o
                0x008007ca                Front_IR_Sensor
 .bss.Right_white_line
                0x008007cb        0x1 main.o
                0x008007cb                Right_white_line
 .bss.Center_white_line
                0x008007cc        0x1 main.o
                0x008007cc                Center_white_line
 .bss.Left_white_line
                0x008007cd        0x1 main.o
                0x008007cd                Left_white_line
 .bss.ShaftCountRight
                0x008007ce        0x4 main.o
                0x008007ce                ShaftCountRight
 .bss.ShaftCountLeft
                0x008007d2        0x4 main.o
                0x008007d2                ShaftCountLeft
 .bss.whichTask
                0x008007d6        0x2 main.o
                0x008007d6                whichTask
 .bss.strike    0x008007d8        0x2 main.o
                0x008007d8                strike
 .bss.botEnd    0x008007da        0x2 main.o
                0x008007da                botEnd
 .bss.otherBotTask2
                0x008007dc       0x28 main.o
                0x008007dc                otherBotTask2
 .bss.otherBotTaskCount
                0x00800804        0x2 main.o
                0x00800804                otherBotTaskCount
 .bss.otherBotTask
                0x00800806       0x28 main.o
                0x00800806                otherBotTask
 .bss.taskitr   0x0080082e        0x2 main.o
                0x0080082e                taskitr
 .bss.swap      0x00800830        0x2 main.o
                0x00800830                swap
 .bss.notesReceived2
                0x00800832        0x1 main.o
                0x00800832                notesReceived2
 .bss.notesReceived
                0x00800833        0x1 main.o
                0x00800833                notesReceived
 .bss.otherBotTaskCost
                0x00800834        0x1 main.o
                0x00800834                otherBotTaskCost
 .bss.wchTask   0x00800835        0x1 main.o
                0x00800835                wchTask
 .bss.taskCost  0x00800836        0x1 main.o
                0x00800836                taskCost
 .bss.taskCount2
                0x00800837        0x1 main.o
                0x00800837                taskCount2
 .bss.taskCount
                0x00800838        0x1 main.o
                0x00800838                taskCount
 .bss.noteToProcess
                0x00800839        0x1 main.o
                0x00800839                noteToProcess
 .bss.noteToStrike
                0x0080083a        0x1 main.o
                0x0080083a                noteToStrike
 .bss.noteCount2
                0x0080083b        0x1 main.o
                0x0080083b                noteCount2
 .bss.noteCount
                0x0080083c        0x1 main.o
                0x0080083c                noteCount
 .bss.notes2    0x0080083d       0x14 main.o
                0x0080083d                notes2
 .bss.notes     0x00800851       0x14 main.o
                0x00800851                notes
 *(COMMON)
 COMMON         0x00800865      0x39c main.o
                0x00800865                tasks
                0x00800879                Degrees
                0x0080087b                tmpTask2
                0x0080087c                million
                0x0080087e                cost
                0x008008de                node
                0x00800a5e                temp
                0x00800a60                ADC_Value
                0x00800a61                BootInterrupt
                0x00800a62                tasks2
                0x00800a76                tens
                0x00800a78                angle
                0x00800bf8                tmpTask1
                0x00800bf9                hundred
                0x00800bfb                unit
                0x00800bfd                thousand
                0x00800bff                LastLocation
 COMMON         0x00800c01        0x6 d:/softwares/atmel studio/7.0/toolchain/avr8/avr8-gnu-toolchain/bin/../lib/gcc/avr/4.9.2/../../../../avr/lib/avr6\libc.a(iob.o)
                0x00800c01                __iob
                0x00800c07                PROVIDE (__bss_end, .)
                0x00004206                __data_load_start = LOADADDR (.data)
                0x000047cc                __data_load_end = (__data_load_start + SIZEOF (.data))

.noinit         0x00800c07        0x0
                [!provide]                PROVIDE (__noinit_start, .)
 *(.noinit*)
                [!provide]                PROVIDE (__noinit_end, .)
                0x00800c07                _end = .
                [!provide]                PROVIDE (__heap_start, .)

.eeprom         0x00810000        0x0
 *(.eeprom*)
                0x00810000                __eeprom_end = .

.fuse
 *(.fuse)
 *(.lfuse)
 *(.hfuse)
 *(.efuse)

.lock
 *(.lock*)

.signature
 *(.signature*)

.user_signatures
 *(.user_signatures*)

.stab
 *(.stab)

.stabstr
 *(.stabstr)

.stab.excl
 *(.stab.excl)

.stab.exclstr
 *(.stab.exclstr)

.stab.index
 *(.stab.index)

.stab.indexstr
 *(.stab.indexstr)

.comment        0x00000000       0x5c
 *(.comment)
 .comment       0x00000000       0x30 main.o
                                 0x31 (size before relaxing)
 .comment       0x00000030       0x31 d:/softwares/atmel studio/7.0/toolchain/avr8/avr8-gnu-toolchain/bin/../lib/gcc/avr/4.9.2/../../../../avr/lib/avr6\libc.a(iob.o)
 .comment       0x00000030       0x31 d:/softwares/atmel studio/7.0/toolchain/avr8/avr8-gnu-toolchain/bin/../lib/gcc/avr/4.9.2/../../../../avr/lib/avr6\libc.a(printf.o)
 .comment       0x00000030       0x31 d:/softwares/atmel studio/7.0/toolchain/avr8/avr8-gnu-toolchain/bin/../lib/gcc/avr/4.9.2/../../../../avr/lib/avr6\libc.a(puts.o)
 .comment       0x00000030       0x2c d:/softwares/atmel studio/7.0/toolchain/avr8/avr8-gnu-toolchain/bin/../lib/gcc/avr/4.9.2/../../../../avr/lib/avr6\libc.a(vfprintf_std.o)
                                 0x2d (size before relaxing)
 .comment       0x0000005c       0x31 d:/softwares/atmel studio/7.0/toolchain/avr8/avr8-gnu-toolchain/bin/../lib/gcc/avr/4.9.2/../../../../avr/lib/avr6\libc.a(fputc.o)

.note.gnu.avr.deviceinfo
                0x00000000       0x40
 .note.gnu.avr.deviceinfo
                0x00000000       0x40 D:/Softwares/Atmel Studio/7.0/Packs/atmel/ATmega_DFP/1.1.130/gcc/dev/atmega2560/avr6/crtatmega2560.o

.note.gnu.build-id
 *(.note.gnu.build-id)

.debug
 *(.debug)

.line
 *(.line)

.debug_srcinfo
 *(.debug_srcinfo)

.debug_sfnames
 *(.debug_sfnames)

.debug_aranges  0x00000000      0x220
 *(.debug_aranges)
 .debug_aranges
                0x00000000      0x220 main.o

.debug_pubnames
 *(.debug_pubnames)

.debug_info     0x00000000     0x3a25
 *(.debug_info .gnu.linkonce.wi.*)
 .debug_info    0x00000000      0xbbc D:/Softwares/Atmel Studio/7.0/Packs/atmel/ATmega_DFP/1.1.130/gcc/dev/atmega2560/avr6/crtatmega2560.o
 .debug_info    0x00000bbc     0x2e69 main.o

.debug_abbrev   0x00000000     0x10c5
 *(.debug_abbrev)
 .debug_abbrev  0x00000000      0xb1a D:/Softwares/Atmel Studio/7.0/Packs/atmel/ATmega_DFP/1.1.130/gcc/dev/atmega2560/avr6/crtatmega2560.o
 .debug_abbrev  0x00000b1a      0x5ab main.o

.debug_line     0x00000000     0x26d1
 *(.debug_line .debug_line.* .debug_line_end)
 .debug_line    0x00000000      0x1f9 D:/Softwares/Atmel Studio/7.0/Packs/atmel/ATmega_DFP/1.1.130/gcc/dev/atmega2560/avr6/crtatmega2560.o
 .debug_line    0x000001f9     0x24d8 main.o

.debug_frame    0x00000000      0x724
 *(.debug_frame)
 .debug_frame   0x00000000      0x724 main.o

.debug_str      0x00000000      0xda0
 *(.debug_str)
 .debug_str     0x00000000      0x3e6 D:/Softwares/Atmel Studio/7.0/Packs/atmel/ATmega_DFP/1.1.130/gcc/dev/atmega2560/avr6/crtatmega2560.o
 .debug_str     0x000003e6      0x9ba main.o
                                0xa1e (size before relaxing)

.debug_loc      0x00000000     0x24c6
 *(.debug_loc)
 .debug_loc     0x00000000     0x24c6 main.o

.debug_macinfo
 *(.debug_macinfo)

.debug_weaknames
 *(.debug_weaknames)

.debug_funcnames
 *(.debug_funcnames)

.debug_typenames
 *(.debug_typenames)

.debug_varnames
 *(.debug_varnames)

.debug_pubtypes
 *(.debug_pubtypes)

.debug_ranges   0x00000000      0x3a8
 *(.debug_ranges)
 .debug_ranges  0x00000000      0x3a8 main.o

.debug_macro
 *(.debug_macro)
OUTPUT(Task5.elf elf32-avr)
LOAD linker stubs
